******************************************************************************
             TMS320C2000 Linker Unix v6.1.0                    
******************************************************************************
>> Linked Sun Mar 10 22:37:31 2013

OUTPUT FILE NAME:   <Example_28035_Flash.out>
ENTRY POINT SYMBOL: "code_start"  address: 003f7ff6


MEMORY CONFIGURATION

         name            origin    length      used     unused   attr    fill
----------------------  --------  ---------  --------  --------  ----  --------
PAGE 0:
  RAML0                 00008000   00000100  00000060  000000a0  RWIX
  OTP                   003d7800   00000400  00000000  00000400  RWIX
  FLASHH                003e8000   00002000  00000000  00002000  RWIX
  FLASHG                003ea000   00002000  00000000  00002000  RWIX
  FLASHF                003ec000   00002000  00000000  00002000  RWIX
  FLASHE                003ee000   00002000  00000000  00002000  RWIX
  FLASHD                003f0000   00002000  00000060  00001fa0  RWIX
  FLASHC                003f2000   00002000  00000000  00002000  RWIX
  FLASHA                003f6000   00001f80  00001af4  0000048c  RWIX
  CSM_RSVD              003f7f80   00000076  00000076  00000000  RWIX
  BEGIN                 003f7ff6   00000002  00000002  00000000  RWIX
  CSM_PWL_P0            003f7ff8   00000008  00000008  00000000  RWIX
  IQTABLES              003fe000   00000b50  00000000  00000b50  RWIX
  IQTABLES2             003feb50   0000008c  00000000  0000008c  RWIX
  IQTABLES3             003febdc   000000aa  00000000  000000aa  RWIX
  ROM                   003ff27c   00000d44  00000000  00000d44  RWIX
  RESET                 003fffc0   00000002  00000000  00000002  RWIX
  VECTORS               003fffc2   0000003e  00000000  0000003e  RWIX

PAGE 1:
  BOOT_RSVD             00000000   00000050  00000000  00000050  RWIX
  RAMM0                 00000050   000003b0  00000380  00000030  RWIX
  RAMM1                 00000400   00000400  000003e8  00000018  RWIX
  DEV_EMU               00000880   00000105  00000004  00000101  RWIX
  SYS_PWR_CTL           00000985   00000003  00000003  00000000  RWIX
  FLASH_REGS            00000a80   00000060  00000008  00000058  RWIX
  CSM                   00000ae0   00000010  00000010  00000000  RWIX
  ADC_RESULT            00000b00   00000020  00000020  00000000  RWIX
  CPU_TIMER0            00000c00   00000008  00000008  00000000  RWIX
  CPU_TIMER1            00000c08   00000008  00000008  00000000  RWIX
  CPU_TIMER2            00000c10   00000008  00000008  00000000  RWIX
  PIE_CTRL              00000ce0   00000020  0000001a  00000006  RWIX
  PIE_VECT              00000d00   00000100  00000100  00000000  RWIX
  CLA1                  00001400   00000080  00000040  00000040  RWIX
  ECANA                 00006000   00000040  00000034  0000000c  RWIX
  ECANA_LAM             00006040   00000040  00000040  00000000  RWIX
  ECANA_MOTS            00006080   00000040  00000040  00000000  RWIX
  ECANA_MOTO            000060c0   00000040  00000040  00000000  RWIX
  ECANA_MBOX            00006100   00000100  00000100  00000000  RWIX
  COMP1                 00006400   00000020  00000014  0000000c  RWIX
  COMP2                 00006420   00000020  00000014  0000000c  RWIX
  COMP3                 00006440   00000020  00000014  0000000c  RWIX
  EPWM1                 00006800   00000040  00000040  00000000  RWIX
  EPWM2                 00006840   00000040  00000040  00000000  RWIX
  EPWM3                 00006880   00000040  00000040  00000000  RWIX
  EPWM4                 000068c0   00000040  00000040  00000000  RWIX
  EPWM5                 00006900   00000040  00000040  00000000  RWIX
  EPWM6                 00006940   00000040  00000040  00000000  RWIX
  EPWM7                 00006980   00000040  00000040  00000000  RWIX
  ECAP1                 00006a00   00000020  00000020  00000000  RWIX
  HRCAP1                00006ac0   00000020  00000020  00000000  RWIX
  HRCAP2                00006ae0   00000020  00000020  00000000  RWIX
  EQEP1                 00006b00   00000040  00000040  00000000  RWIX
  LINA                  00006c00   00000080  0000004a  00000036  RWIX
  GPIOCTRL              00006f80   00000040  00000040  00000000  RWIX
  GPIODAT               00006fc0   00000020  00000020  00000000  RWIX
  GPIOINT               00006fe0   00000020  0000000c  00000014  RWIX
  SYSTEM                00007010   00000020  00000020  00000000  RWIX
  SPIA                  00007040   00000010  00000010  00000000  RWIX
  SCIA                  00007050   00000010  00000010  00000000  RWIX
  NMIINTRUPT            00007060   00000010  00000010  00000000  RWIX
  XINTRUPT              00007070   00000010  00000010  00000000  RWIX
  ADC                   00007100   00000080  00000050  00000030  RWIX
  SPIB                  00007740   00000010  00000010  00000000  RWIX
  I2CA                  00007900   00000040  00000022  0000001e  RWIX
  RAML0                 00008100   00000700  00000000  00000700  RWIX
  RAML1                 00008800   00000400  000003e8  00000018  RWIX
  RAML2                 00008c00   00000400  00000210  000001f0  RWIX
  RAML3                 00009000   00001000  00000bf4  0000040c  RWIX
  PARTID                003d7e80   00000001  00000001  00000000  RWIX
  FLASHB                003f4000   00002000  00000000  00002000  RWIX
  CSM_PWL               003f7ff8   00000008  00000008  00000000  RWIX


SECTION ALLOCATION MAP

 output                                  attributes/
section   page    origin      length       input sections
--------  ----  ----------  ----------   ----------------
.pinit     0    003f6000    00000000     UNINITIALIZED

ramfuncs   0    003f0000    00000060     RUN ADDR = 00008000
                  003f0000    00000041     Example_2803xFlash.obj (ramfuncs:retain)
                  003f0041    0000001b     DSP2803x_SysCtrl.obj (ramfuncs)
                  003f005c    00000004     DSP2803x_usDelay.obj (ramfuncs)

.text      0    003f6000    000015e7     
                  003f6000    00000a28     heart_rate_official_cport.obj (.text)
                  003f6a28    00000228     heart_rate_official_cport_rtwutil.obj (.text)
                  003f6c50    0000017c     DSP2803x_DefaultIsr.obj (.text:retain)
                  003f6dcc    00000137     DSP2803x_SysCtrl.obj (.text)
                  003f6f03    00000116     conv.obj (.text)
                  003f7019    000000ef     Example_2803xFlash.obj (.text)
                  003f7108    000000cf     sqrt.obj (.text)
                  003f71d7    000000c4     DSP2803x_EPwm.obj (.text)
                  003f729b    00000089     mean.obj (.text)
                  003f7324    00000070     rtGetInf.obj (.text)
                  003f7394    00000070     rt_nonfinite.obj (.text)
                  003f7404    00000053     rtGetNaN.obj (.text)
                  003f7457    00000044     rts2800_ml.lib : boot.obj (.text)
                  003f749b    00000030     abs.obj (.text)
                  003f74cb    00000028     DSP2803x_PieCtrl.obj (.text)
                  003f74f3    00000025     DSP2803x_PieVect.obj (.text)
                  003f7518    00000025     max.obj (.text)
                  003f753d    00000021     rts2800_ml.lib : memcpy_ff.obj (.text)
                  003f755e    00000019                    : args_main.obj (.text)
                  003f7577    00000019                    : exit.obj (.text)
                  003f7590    00000017                    : fs_cmp.obj (.text)
                  003f75a7    00000012     plus.obj (.text)
                  003f75b9    00000011     minus.obj (.text)
                  003f75ca    00000009     rts2800_ml.lib : _lock.obj (.text)
                  003f75d3    00000008     DSP2803x_CodeStartBranch.obj (.text)
                  003f75db    00000007     rts2800_ml.lib : memset.obj (.text)
                  003f75e2    00000004     heart_rate_official_cport_initialize.obj (.text)
                  003f75e6    00000001     heart_rate_official_cport_terminate.obj (.text)

.cinit     0    003f75e7    00000401     
                  003f75e7    000003eb     Example_2803xFlash.obj (.cinit)
                  003f79d2    0000000a     rts2800_ml.lib : _lock.obj (.cinit)
                  003f79dc    0000000a                    : exit.obj (.cinit)
                  003f79e6    00000002     --HOLE-- [fill = 0]

.econst    0    003f79e8    0000010c     
                  003f79e8    00000100     DSP2803x_PieVect.obj (.econst)
                  003f7ae8    0000000a     heart_rate_official_cport.obj (.econst:_iv0$6)
                  003f7af2    00000002     rtGetNaN.obj (.econst)

csm_rsvd   0    003f7f80    00000076     
                  003f7f80    00000076     DSP2803x_CSMPasswords.obj (csm_rsvd)

codestart 
*          0    003f7ff6    00000002     
                  003f7ff6    00000002     DSP2803x_CodeStartBranch.obj (codestart)

csmpasswds 
*          0    003f7ff8    00000008     
                  003f7ff8    00000008     DSP2803x_CSMPasswords.obj (csmpasswds)

.reset     0    003fffc0    00000002     DSECT
                  003fffc0    00000002     rts2800_ml.lib : boot.obj (.reset)

vectors    0    003fffc2    00000000     DSECT

.stack     1    00000050    00000380     UNINITIALIZED
                  00000050    00000380     --HOLE--

.big_stuff_input 
*          1    00000400    000003e8     UNINITIALIZED
                  00000400    000003e8     Example_2803xFlash.obj (.big_stuff_input)

DevEmuRegsFile 
*          1    00000880    00000004     UNINITIALIZED
                  00000880    00000004     DSP2803x_GlobalVariableDefs.obj (DevEmuRegsFile)

SysPwrCtrlRegsFile 
*          1    00000985    00000003     UNINITIALIZED
                  00000985    00000003     DSP2803x_GlobalVariableDefs.obj (SysPwrCtrlRegsFile)

FlashRegsFile 
*          1    00000a80    00000008     UNINITIALIZED
                  00000a80    00000008     DSP2803x_GlobalVariableDefs.obj (FlashRegsFile)

CsmRegsFile 
*          1    00000ae0    00000010     UNINITIALIZED
                  00000ae0    00000010     DSP2803x_GlobalVariableDefs.obj (CsmRegsFile)

AdcResultFile 
*          1    00000b00    00000020     UNINITIALIZED
                  00000b00    00000020     DSP2803x_GlobalVariableDefs.obj (AdcResultFile)

CpuTimer0RegsFile 
*          1    00000c00    00000008     UNINITIALIZED
                  00000c00    00000008     DSP2803x_GlobalVariableDefs.obj (CpuTimer0RegsFile)

CpuTimer1RegsFile 
*          1    00000c08    00000008     UNINITIALIZED
                  00000c08    00000008     DSP2803x_GlobalVariableDefs.obj (CpuTimer1RegsFile)

CpuTimer2RegsFile 
*          1    00000c10    00000008     UNINITIALIZED
                  00000c10    00000008     DSP2803x_GlobalVariableDefs.obj (CpuTimer2RegsFile)

PieCtrlRegsFile 
*          1    00000ce0    0000001a     UNINITIALIZED
                  00000ce0    0000001a     DSP2803x_GlobalVariableDefs.obj (PieCtrlRegsFile)

PieVectTableFile 
*          1    00000d00    00000100     UNINITIALIZED
                  00000d00    00000100     DSP2803x_GlobalVariableDefs.obj (PieVectTableFile)

EmuKeyVar 
*          1    00000d00    00000001     UNINITIALIZED
                  00000d00    00000001     DSP2803x_GlobalVariableDefs.obj (EmuKeyVar)

EmuBModeVar 
*          1    00000d01    00000001     UNINITIALIZED
                  00000d01    00000001     DSP2803x_GlobalVariableDefs.obj (EmuBModeVar)

FlashCallbackVar 
*          1    00000d02    00000002     UNINITIALIZED
                  00000d02    00000002     DSP2803x_GlobalVariableDefs.obj (FlashCallbackVar)

FlashScalingVar 
*          1    00000d04    00000002     UNINITIALIZED
                  00000d04    00000002     DSP2803x_GlobalVariableDefs.obj (FlashScalingVar)

Cla1RegsFile 
*          1    00001400    00000040     UNINITIALIZED
                  00001400    00000040     DSP2803x_GlobalVariableDefs.obj (Cla1RegsFile)

ECanaRegsFile 
*          1    00006000    00000034     UNINITIALIZED
                  00006000    00000034     DSP2803x_GlobalVariableDefs.obj (ECanaRegsFile)

ECanaLAMRegsFile 
*          1    00006040    00000040     UNINITIALIZED
                  00006040    00000040     DSP2803x_GlobalVariableDefs.obj (ECanaLAMRegsFile)

ECanaMOTSRegsFile 
*          1    00006080    00000040     UNINITIALIZED
                  00006080    00000040     DSP2803x_GlobalVariableDefs.obj (ECanaMOTSRegsFile)

ECanaMOTORegsFile 
*          1    000060c0    00000040     UNINITIALIZED
                  000060c0    00000040     DSP2803x_GlobalVariableDefs.obj (ECanaMOTORegsFile)

ECanaMboxesFile 
*          1    00006100    00000100     UNINITIALIZED
                  00006100    00000100     DSP2803x_GlobalVariableDefs.obj (ECanaMboxesFile)

Comp1RegsFile 
*          1    00006400    00000014     UNINITIALIZED
                  00006400    00000014     DSP2803x_GlobalVariableDefs.obj (Comp1RegsFile)

Comp2RegsFile 
*          1    00006420    00000014     UNINITIALIZED
                  00006420    00000014     DSP2803x_GlobalVariableDefs.obj (Comp2RegsFile)

Comp3RegsFile 
*          1    00006440    00000014     UNINITIALIZED
                  00006440    00000014     DSP2803x_GlobalVariableDefs.obj (Comp3RegsFile)

EPwm1RegsFile 
*          1    00006800    00000040     UNINITIALIZED
                  00006800    00000040     DSP2803x_GlobalVariableDefs.obj (EPwm1RegsFile)

EPwm2RegsFile 
*          1    00006840    00000040     UNINITIALIZED
                  00006840    00000040     DSP2803x_GlobalVariableDefs.obj (EPwm2RegsFile)

EPwm3RegsFile 
*          1    00006880    00000040     UNINITIALIZED
                  00006880    00000040     DSP2803x_GlobalVariableDefs.obj (EPwm3RegsFile)

EPwm4RegsFile 
*          1    000068c0    00000040     UNINITIALIZED
                  000068c0    00000040     DSP2803x_GlobalVariableDefs.obj (EPwm4RegsFile)

EPwm5RegsFile 
*          1    00006900    00000040     UNINITIALIZED
                  00006900    00000040     DSP2803x_GlobalVariableDefs.obj (EPwm5RegsFile)

EPwm6RegsFile 
*          1    00006940    00000040     UNINITIALIZED
                  00006940    00000040     DSP2803x_GlobalVariableDefs.obj (EPwm6RegsFile)

EPwm7RegsFile 
*          1    00006980    00000040     UNINITIALIZED
                  00006980    00000040     DSP2803x_GlobalVariableDefs.obj (EPwm7RegsFile)

ECap1RegsFile 
*          1    00006a00    00000020     UNINITIALIZED
                  00006a00    00000020     DSP2803x_GlobalVariableDefs.obj (ECap1RegsFile)

HRCap1RegsFile 
*          1    00006ac0    00000020     UNINITIALIZED
                  00006ac0    00000020     DSP2803x_GlobalVariableDefs.obj (HRCap1RegsFile)

HRCap2RegsFile 
*          1    00006ae0    00000020     UNINITIALIZED
                  00006ae0    00000020     DSP2803x_GlobalVariableDefs.obj (HRCap2RegsFile)

EQep1RegsFile 
*          1    00006b00    00000040     UNINITIALIZED
                  00006b00    00000040     DSP2803x_GlobalVariableDefs.obj (EQep1RegsFile)

LinaRegsFile 
*          1    00006c00    0000004a     UNINITIALIZED
                  00006c00    0000004a     DSP2803x_GlobalVariableDefs.obj (LinaRegsFile)

GpioCtrlRegsFile 
*          1    00006f80    00000040     UNINITIALIZED
                  00006f80    00000040     DSP2803x_GlobalVariableDefs.obj (GpioCtrlRegsFile)

GpioDataRegsFile 
*          1    00006fc0    00000020     UNINITIALIZED
                  00006fc0    00000020     DSP2803x_GlobalVariableDefs.obj (GpioDataRegsFile)

GpioIntRegsFile 
*          1    00006fe0    0000000c     UNINITIALIZED
                  00006fe0    0000000c     DSP2803x_GlobalVariableDefs.obj (GpioIntRegsFile)

SysCtrlRegsFile 
*          1    00007010    00000020     UNINITIALIZED
                  00007010    00000020     DSP2803x_GlobalVariableDefs.obj (SysCtrlRegsFile)

SpiaRegsFile 
*          1    00007040    00000010     UNINITIALIZED
                  00007040    00000010     DSP2803x_GlobalVariableDefs.obj (SpiaRegsFile)

SciaRegsFile 
*          1    00007050    00000010     UNINITIALIZED
                  00007050    00000010     DSP2803x_GlobalVariableDefs.obj (SciaRegsFile)

NmiIntruptRegsFile 
*          1    00007060    00000010     UNINITIALIZED
                  00007060    00000010     DSP2803x_GlobalVariableDefs.obj (NmiIntruptRegsFile)

XIntruptRegsFile 
*          1    00007070    00000010     UNINITIALIZED
                  00007070    00000010     DSP2803x_GlobalVariableDefs.obj (XIntruptRegsFile)

AdcRegsFile 
*          1    00007100    00000050     UNINITIALIZED
                  00007100    00000050     DSP2803x_GlobalVariableDefs.obj (AdcRegsFile)

SpibRegsFile 
*          1    00007740    00000010     UNINITIALIZED
                  00007740    00000010     DSP2803x_GlobalVariableDefs.obj (SpibRegsFile)

I2caRegsFile 
*          1    00007900    00000022     UNINITIALIZED
                  00007900    00000022     DSP2803x_GlobalVariableDefs.obj (I2caRegsFile)

.big_stuff1 
*          1    00008800    000003e8     UNINITIALIZED
                  00008800    000003e8     heart_rate_official_cport.obj (.big_stuff1)

.big_stuff2 
*          1    00008c00    000001f4     UNINITIALIZED
                  00008c00    000001f4     heart_rate_official_cport.obj (.big_stuff2)

.ebss      1    00008df4    0000001c     UNINITIALIZED
                  00008df4    0000000c     rt_nonfinite.obj (.ebss)
                  00008e00    00000008     Example_2803xFlash.obj (.ebss)
                  00008e08    00000004     rts2800_ml.lib : _lock.obj (.ebss)
                  00008e0c    00000004                    : exit.obj (.ebss)

.big_stuff3 
*          1    00009000    00000bf4     UNINITIALIZED
                  00009000    00000bf4     heart_rate_official_cport.obj (.big_stuff3)

PartIdRegsFile 
*          1    003d7e80    00000001     UNINITIALIZED
                  003d7e80    00000001     DSP2803x_GlobalVariableDefs.obj (PartIdRegsFile)

CsmPwlFile 
*          1    003f7ff8    00000008     UNINITIALIZED
                  003f7ff8    00000008     DSP2803x_GlobalVariableDefs.obj (CsmPwlFile)


GLOBAL SYMBOLS: SORTED ALPHABETICALLY BY Name 

address    name
--------   ----
003f6000   .text
003f7577   C$$EXIT
003f7590   FS$$CMP
003f6caf   _ADCINT1_ISR
003f6cb4   _ADCINT2_ISR
003f6d68   _ADCINT3_ISR
003f6d6d   _ADCINT4_ISR
003f6d72   _ADCINT5_ISR
003f6d77   _ADCINT6_ISR
003f6d7c   _ADCINT7_ISR
003f6d81   _ADCINT8_ISR
003f6cc3   _ADCINT9_ISR
00007100   _AdcRegs
00000b00   _AdcResult
003f6d86   _CLA1_INT1_ISR
003f6d8b   _CLA1_INT2_ISR
003f6d90   _CLA1_INT3_ISR
003f6d95   _CLA1_INT4_ISR
003f6d9a   _CLA1_INT5_ISR
003f6d9f   _CLA1_INT6_ISR
003f6da4   _CLA1_INT7_ISR
003f6da9   _CLA1_INT8_ISR
00001400   _Cla1Regs
00006400   _Comp1Regs
00006420   _Comp2Regs
00006440   _Comp3Regs
00000c00   _CpuTimer0Regs
00000c08   _CpuTimer1Regs
00000c10   _CpuTimer2Regs
003f7ff8   _CsmPwl
00000ae0   _CsmRegs
003f6e84   _CsmUnlock
003f6c5a   _DATALOG_ISR
0000805c   _DSP28x_usDelay
00000880   _DevEmuRegs
003f6df0   _DisableDog
003f6d5e   _ECAN0INTA_ISR
003f6d63   _ECAN1INTA_ISR
003f6d18   _ECAP1_INT_ISR
00006040   _ECanaLAMRegs
000060c0   _ECanaMOTORegs
00006080   _ECanaMOTSRegs
00006100   _ECanaMboxes
00006000   _ECanaRegs
00006a00   _ECap1Regs
003f6dbd   _EMPTY_ISR
003f6c64   _EMUINT_ISR
003f6cf5   _EPWM1_INT_ISR
003f6cd2   _EPWM1_TZINT_ISR
003f6cfa   _EPWM2_INT_ISR
003f6cd7   _EPWM2_TZINT_ISR
003f6cff   _EPWM3_INT_ISR
003f6cdc   _EPWM3_TZINT_ISR
003f6d04   _EPWM4_INT_ISR
003f6ce1   _EPWM4_TZINT_ISR
003f6d09   _EPWM5_INT_ISR
003f6ce6   _EPWM5_TZINT_ISR
003f6d0e   _EPWM6_INT_ISR
003f6ceb   _EPWM6_TZINT_ISR
003f6d13   _EPWM7_INT_ISR
003f6cf0   _EPWM7_TZINT_ISR
00006800   _EPwm1Regs
00008e00   _EPwm1TimerIntCount
00006840   _EPwm2Regs
00008e02   _EPwm2TimerIntCount
00006880   _EPwm3Regs
00008e06   _EPwm3TimerIntCount
000068c0   _EPwm4Regs
00006900   _EPwm5Regs
00006940   _EPwm6Regs
00006980   _EPwm7Regs
003f6d27   _EQEP1_INT_ISR
00006b00   _EQep1Regs
00000d01   _EmuBMode
00000d00   _EmuKey
003f74ea   _EnableInterrupts
003f6eed   _ExtOscSel
00000a80   _FlashRegs
00000d04   _Flash_CPUScaleFactor
00000d02   _Flash_CallbackPtr
00006f80   _GpioCtrlRegs
00006fc0   _GpioDataRegs
00006fe0   _GpioIntRegs
003f6d1d   _HRCAP1_INT_ISR
003f6d22   _HRCAP2_INT_ISR
00006ac0   _HRCap1Regs
00006ae0   _HRCap2Regs
003f6d40   _I2CINT1A_ISR
003f6d45   _I2CINT2A_ISR
00007900   _I2caRegs
003f6c6e   _ILLEGAL_ISR
003f6c50   _INT13_ISR
003f6c55   _INT14_ISR
003f71d7   _InitEPwm
003f71e7   _InitEPwm1Gpio
003f71f9   _InitEPwm2Gpio
003f720b   _InitEPwm3Gpio
003f721f   _InitEPwm4Gpio
003f7233   _InitEPwm5Gpio
003f7245   _InitEPwm6Gpio
003f7257   _InitEPwm7Gpio
003f71d8   _InitEPwmGpio
003f7269   _InitEPwmSyncGpio
003f70a1   _InitEPwmTimer
00008041   _InitFlash
003f6e48   _InitPeripheralClocks
003f74cb   _InitPieCtrl
003f74f3   _InitPieVectTable
003f6df8   _InitPll
003f6dcc   _InitSysCtrl
003f727a   _InitTzGpio
003f6eb5   _IntOsc1Sel
003f6ec5   _IntOsc2Sel
003f6d54   _LIN0INTA_ISR
003f6d59   _LIN1INTA_ISR
003f6db8   _LUF_ISR
003f6db3   _LVF_ISR
00006c00   _LinaRegs
00008e04   _LoopCount
003f6a28   _MultiWordSignedWrap
003f6c69   _NMI_ISR
00007060   _NmiIntruptRegs
003f6dc2   _PIE_RESERVED
003d7e80   _PartIdRegs
00000ce0   _PieCtrlRegs
00000d00   _PieVectTable
003f79e8   _PieVectTableInit
003f6c5f   _RTOSINT_ISR
00000060   _RamfuncsLoadSize
003f0000   _RamfuncsLoadStart
00008000   _RamfuncsRunStart
003f6d4a   _SCIRXINTA_ISR
003f6d4f   _SCITXINTA_ISR
003f6d2c   _SPIRXINTA_ISR
003f6d36   _SPIRXINTB_ISR
003f6d31   _SPITXINTA_ISR
003f6d3b   _SPITXINTB_ISR
00007050   _SciaRegs
003f6de6   _ServiceDog
00007040   _SpiaRegs
00007740   _SpibRegs
00007010   _SysCtrlRegs
00000985   _SysPwrCtrlRegs
003f6cc8   _TINT0_ISR
003f6ca0   _USER10_ISR
003f6ca5   _USER11_ISR
003f6caa   _USER12_ISR
003f6c73   _USER1_ISR
003f6c78   _USER2_ISR
003f6c7d   _USER3_ISR
003f6c82   _USER4_ISR
003f6c87   _USER5_ISR
003f6c8c   _USER6_ISR
003f6c91   _USER7_ISR
003f6c96   _USER8_ISR
003f6c9b   _USER9_ISR
00000400   _Voltage1
003f6ccd   _WAKEINT_ISR
003f6cb9   _XINT1_ISR
003f6cbe   _XINT2_ISR
003f6dae   _XINT3_ISR
00007070   _XIntruptRegs
003f6ed9   _XtalOscSel
000003d0   __STACK_END
00000380   __STACK_SIZE
00000001   __TI_args_main
ffffffff   ___binit__
ffffffff   ___c_args__
003f75e7   ___cinit__
003f75e7   ___etext__
003f753d   ___memcpy_ff
ffffffff   ___pinit__
003f6000   ___text__
003f755e   __args_main
00008e0c   __cleanup_ptr
00008e0e   __dtors_ptr
00008e0a   __lock
003f75d2   __nop
003f75ce   __register_lock
003f75ca   __register_unlock
00000050   __stack
00008e08   __unlock
003f7577   _abort
003f749b   _b_abs
003f6f03   _b_conv
003f7518   _b_max
003f7108   _b_sqrt
003f74b3   _c_abs
003f7457   _c_int00
003f6f8e   _conv
003f6000   _div_repeat_s32_sat_near
00008000   _epwm1_timer_isr
00008012   _epwm2_timer_isr
00008024   _epwm3_timer_isr
003f7579   _exit
003f6468   _heart_rate_official_cport
003f75e2   _heart_rate_official_cport_initialize
003f75e6   _heart_rate_official_cport_terminate
003f7019   _main
003f72e9   _mean
003f75db   _memset
003f75b9   _minus
003f6a83   _mul_s32_s32_s32_sat
003f6ab4   _mul_wide_s32
003f75a7   _plus
003f6dc7   _rsvd_ISR
003f7324   _rtGetInf
003f7354   _rtGetInfF
003f735c   _rtGetMinusInf
003f738c   _rtGetMinusInfF
003f7404   _rtGetNaN
003f7436   _rtGetNaNF
00008df6   _rtInf
00008dfc   _rtInfF
003f73b6   _rtIsInf
003f73cf   _rtIsInfF
003f73e8   _rtIsNaN
003f73f6   _rtIsNaNF
00008df4   _rtMinusInf
00008dfa   _rtMinusInfF
00008df8   _rtNaN
00008dfe   _rtNaNF
003f7394   _rt_InitInfAndNaN
003f6b29   _sLong2MultiWord
003f6b49   _sMultiWordCmp
003f6b96   _sMultiWordLe
003f6ba5   _sMultiWordShl
ffffffff   binit
003f75e7   cinit
003f7ff6   code_start
003f75e7   etext
ffffffff   pinit


GLOBAL SYMBOLS: SORTED BY Symbol Address 

address    name
--------   ----
00000001   __TI_args_main
00000050   __stack
00000060   _RamfuncsLoadSize
00000380   __STACK_SIZE
000003d0   __STACK_END
00000400   _Voltage1
00000880   _DevEmuRegs
00000985   _SysPwrCtrlRegs
00000a80   _FlashRegs
00000ae0   _CsmRegs
00000b00   _AdcResult
00000c00   _CpuTimer0Regs
00000c08   _CpuTimer1Regs
00000c10   _CpuTimer2Regs
00000ce0   _PieCtrlRegs
00000d00   _EmuKey
00000d00   _PieVectTable
00000d01   _EmuBMode
00000d02   _Flash_CallbackPtr
00000d04   _Flash_CPUScaleFactor
00001400   _Cla1Regs
00006000   _ECanaRegs
00006040   _ECanaLAMRegs
00006080   _ECanaMOTSRegs
000060c0   _ECanaMOTORegs
00006100   _ECanaMboxes
00006400   _Comp1Regs
00006420   _Comp2Regs
00006440   _Comp3Regs
00006800   _EPwm1Regs
00006840   _EPwm2Regs
00006880   _EPwm3Regs
000068c0   _EPwm4Regs
00006900   _EPwm5Regs
00006940   _EPwm6Regs
00006980   _EPwm7Regs
00006a00   _ECap1Regs
00006ac0   _HRCap1Regs
00006ae0   _HRCap2Regs
00006b00   _EQep1Regs
00006c00   _LinaRegs
00006f80   _GpioCtrlRegs
00006fc0   _GpioDataRegs
00006fe0   _GpioIntRegs
00007010   _SysCtrlRegs
00007040   _SpiaRegs
00007050   _SciaRegs
00007060   _NmiIntruptRegs
00007070   _XIntruptRegs
00007100   _AdcRegs
00007740   _SpibRegs
00007900   _I2caRegs
00008000   _RamfuncsRunStart
00008000   _epwm1_timer_isr
00008012   _epwm2_timer_isr
00008024   _epwm3_timer_isr
00008041   _InitFlash
0000805c   _DSP28x_usDelay
00008df4   _rtMinusInf
00008df6   _rtInf
00008df8   _rtNaN
00008dfa   _rtMinusInfF
00008dfc   _rtInfF
00008dfe   _rtNaNF
00008e00   _EPwm1TimerIntCount
00008e02   _EPwm2TimerIntCount
00008e04   _LoopCount
00008e06   _EPwm3TimerIntCount
00008e08   __unlock
00008e0a   __lock
00008e0c   __cleanup_ptr
00008e0e   __dtors_ptr
003d7e80   _PartIdRegs
003f0000   _RamfuncsLoadStart
003f6000   .text
003f6000   ___text__
003f6000   _div_repeat_s32_sat_near
003f6468   _heart_rate_official_cport
003f6a28   _MultiWordSignedWrap
003f6a83   _mul_s32_s32_s32_sat
003f6ab4   _mul_wide_s32
003f6b29   _sLong2MultiWord
003f6b49   _sMultiWordCmp
003f6b96   _sMultiWordLe
003f6ba5   _sMultiWordShl
003f6c50   _INT13_ISR
003f6c55   _INT14_ISR
003f6c5a   _DATALOG_ISR
003f6c5f   _RTOSINT_ISR
003f6c64   _EMUINT_ISR
003f6c69   _NMI_ISR
003f6c6e   _ILLEGAL_ISR
003f6c73   _USER1_ISR
003f6c78   _USER2_ISR
003f6c7d   _USER3_ISR
003f6c82   _USER4_ISR
003f6c87   _USER5_ISR
003f6c8c   _USER6_ISR
003f6c91   _USER7_ISR
003f6c96   _USER8_ISR
003f6c9b   _USER9_ISR
003f6ca0   _USER10_ISR
003f6ca5   _USER11_ISR
003f6caa   _USER12_ISR
003f6caf   _ADCINT1_ISR
003f6cb4   _ADCINT2_ISR
003f6cb9   _XINT1_ISR
003f6cbe   _XINT2_ISR
003f6cc3   _ADCINT9_ISR
003f6cc8   _TINT0_ISR
003f6ccd   _WAKEINT_ISR
003f6cd2   _EPWM1_TZINT_ISR
003f6cd7   _EPWM2_TZINT_ISR
003f6cdc   _EPWM3_TZINT_ISR
003f6ce1   _EPWM4_TZINT_ISR
003f6ce6   _EPWM5_TZINT_ISR
003f6ceb   _EPWM6_TZINT_ISR
003f6cf0   _EPWM7_TZINT_ISR
003f6cf5   _EPWM1_INT_ISR
003f6cfa   _EPWM2_INT_ISR
003f6cff   _EPWM3_INT_ISR
003f6d04   _EPWM4_INT_ISR
003f6d09   _EPWM5_INT_ISR
003f6d0e   _EPWM6_INT_ISR
003f6d13   _EPWM7_INT_ISR
003f6d18   _ECAP1_INT_ISR
003f6d1d   _HRCAP1_INT_ISR
003f6d22   _HRCAP2_INT_ISR
003f6d27   _EQEP1_INT_ISR
003f6d2c   _SPIRXINTA_ISR
003f6d31   _SPITXINTA_ISR
003f6d36   _SPIRXINTB_ISR
003f6d3b   _SPITXINTB_ISR
003f6d40   _I2CINT1A_ISR
003f6d45   _I2CINT2A_ISR
003f6d4a   _SCIRXINTA_ISR
003f6d4f   _SCITXINTA_ISR
003f6d54   _LIN0INTA_ISR
003f6d59   _LIN1INTA_ISR
003f6d5e   _ECAN0INTA_ISR
003f6d63   _ECAN1INTA_ISR
003f6d68   _ADCINT3_ISR
003f6d6d   _ADCINT4_ISR
003f6d72   _ADCINT5_ISR
003f6d77   _ADCINT6_ISR
003f6d7c   _ADCINT7_ISR
003f6d81   _ADCINT8_ISR
003f6d86   _CLA1_INT1_ISR
003f6d8b   _CLA1_INT2_ISR
003f6d90   _CLA1_INT3_ISR
003f6d95   _CLA1_INT4_ISR
003f6d9a   _CLA1_INT5_ISR
003f6d9f   _CLA1_INT6_ISR
003f6da4   _CLA1_INT7_ISR
003f6da9   _CLA1_INT8_ISR
003f6dae   _XINT3_ISR
003f6db3   _LVF_ISR
003f6db8   _LUF_ISR
003f6dbd   _EMPTY_ISR
003f6dc2   _PIE_RESERVED
003f6dc7   _rsvd_ISR
003f6dcc   _InitSysCtrl
003f6de6   _ServiceDog
003f6df0   _DisableDog
003f6df8   _InitPll
003f6e48   _InitPeripheralClocks
003f6e84   _CsmUnlock
003f6eb5   _IntOsc1Sel
003f6ec5   _IntOsc2Sel
003f6ed9   _XtalOscSel
003f6eed   _ExtOscSel
003f6f03   _b_conv
003f6f8e   _conv
003f7019   _main
003f70a1   _InitEPwmTimer
003f7108   _b_sqrt
003f71d7   _InitEPwm
003f71d8   _InitEPwmGpio
003f71e7   _InitEPwm1Gpio
003f71f9   _InitEPwm2Gpio
003f720b   _InitEPwm3Gpio
003f721f   _InitEPwm4Gpio
003f7233   _InitEPwm5Gpio
003f7245   _InitEPwm6Gpio
003f7257   _InitEPwm7Gpio
003f7269   _InitEPwmSyncGpio
003f727a   _InitTzGpio
003f72e9   _mean
003f7324   _rtGetInf
003f7354   _rtGetInfF
003f735c   _rtGetMinusInf
003f738c   _rtGetMinusInfF
003f7394   _rt_InitInfAndNaN
003f73b6   _rtIsInf
003f73cf   _rtIsInfF
003f73e8   _rtIsNaN
003f73f6   _rtIsNaNF
003f7404   _rtGetNaN
003f7436   _rtGetNaNF
003f7457   _c_int00
003f749b   _b_abs
003f74b3   _c_abs
003f74cb   _InitPieCtrl
003f74ea   _EnableInterrupts
003f74f3   _InitPieVectTable
003f7518   _b_max
003f753d   ___memcpy_ff
003f755e   __args_main
003f7577   C$$EXIT
003f7577   _abort
003f7579   _exit
003f7590   FS$$CMP
003f75a7   _plus
003f75b9   _minus
003f75ca   __register_unlock
003f75ce   __register_lock
003f75d2   __nop
003f75db   _memset
003f75e2   _heart_rate_official_cport_initialize
003f75e6   _heart_rate_official_cport_terminate
003f75e7   ___cinit__
003f75e7   ___etext__
003f75e7   cinit
003f75e7   etext
003f79e8   _PieVectTableInit
003f7ff6   code_start
003f7ff8   _CsmPwl
ffffffff   ___binit__
ffffffff   ___c_args__
ffffffff   ___pinit__
ffffffff   binit
ffffffff   pinit

[232 symbols]
